
DevTools listening on ws://127.0.0.1:56422/devtools/browser/22fbbe4e-a539-40ac-be28-6383f16deadb
Trying to load the allocator multiple times. This is *not* supported.
[1399:6887057:0910/140827.968439:ERROR:ui/display/mac/cv_display_link_mac.mm:195] CVDisplayLinkCreateWithCGDisplay failed. CVReturn: -6670
[1399:6887115:0910/140827.968744:ERROR:ui/display/mac/cv_display_link_mac.mm:195] CVDisplayLinkCreateWithCGDisplay failed. CVReturn: -6670
[1399:6887057:0910/140827.975777:ERROR:ui/display/mac/cv_display_link_mac.mm:195] CVDisplayLinkCreateWithCGDisplay failed. CVReturn: -6670
[1399:6887115:0910/140827.976148:ERROR:ui/display/mac/cv_display_link_mac.mm:195] CVDisplayLinkCreateWithCGDisplay failed. CVReturn: -6670
[1399:6887057:0910/140827.976310:ERROR:ui/display/mac/cv_display_link_mac.mm:195] CVDisplayLinkCreateWithCGDisplay failed. CVReturn: -6670
[1399:6887115:0910/140827.976348:ERROR:ui/display/mac/cv_display_link_mac.mm:195] CVDisplayLinkCreateWithCGDisplay failed. CVReturn: -6670
[1399:6887057:0910/140827.976500:ERROR:ui/display/mac/cv_display_link_mac.mm:195] CVDisplayLinkCreateWithCGDisplay failed. CVReturn: -6670
[1399:6887115:0910/140827.976537:ERROR:ui/display/mac/cv_display_link_mac.mm:195] CVDisplayLinkCreateWithCGDisplay failed. CVReturn: -6670
[1399:6887057:0910/140827.976650:ERROR:ui/display/mac/cv_display_link_mac.mm:195] CVDisplayLinkCreateWithCGDisplay failed. CVReturn: -6670
[1399:6887115:0910/140827.976692:ERROR:ui/display/mac/cv_display_link_mac.mm:195] CVDisplayLinkCreateWithCGDisplay failed. CVReturn: -6670
[1399:6887057:0910/140827.984183:ERROR:ui/display/mac/cv_display_link_mac.mm:195] CVDisplayLinkCreateWithCGDisplay failed. CVReturn: -6670
[1399:6887115:0910/140827.984269:ERROR:ui/display/mac/cv_display_link_mac.mm:195] CVDisplayLinkCreateWithCGDisplay failed. CVReturn: -6670
[1399:6887057:0910/140830.476618:ERROR:ui/display/mac/cv_display_link_mac.mm:195] CVDisplayLinkCreateWithCGDisplay failed. CVReturn: -6670
[1399:6887115:0910/140830.476692:ERROR:ui/display/mac/cv_display_link_mac.mm:195] CVDisplayLinkCreateWithCGDisplay failed. CVReturn: -6670
[1399:6887057:0910/140830.738348:ERROR:ui/display/mac/cv_display_link_mac.mm:195] CVDisplayLinkCreateWithCGDisplay failed. CVReturn: -6670
[1399:6887115:0910/140830.738442:ERROR:ui/display/mac/cv_display_link_mac.mm:195] CVDisplayLinkCreateWithCGDisplay failed. CVReturn: -6670
[1394:6887009:0910/140830.765052:ERROR:mojo/public/cpp/bindings/lib/interface_endpoint_client.cc:748] Message 6 rejected by interface blink.mojom.WidgetHost
[1394:6887009:0910/140830.765082:ERROR:mojo/public/cpp/bindings/lib/interface_endpoint_client.cc:748] Message 7 rejected by interface blink.mojom.WidgetHost
[1394:6887009:0910/140830.895220:ERROR:chrome/browser/web_applications/os_integration/os_integration_manager.cc:270] Can't perform OS integration while the browser is shutting down.
[1399:6887057:0910/140830.899251:ERROR:ui/display/mac/cv_display_link_mac.mm:195] CVDisplayLinkCreateWithCGDisplay failed. CVReturn: -6670
[1399:6887115:0910/140830.899313:ERROR:ui/display/mac/cv_display_link_mac.mm:195] CVDisplayLinkCreateWithCGDisplay failed. CVReturn: -6670
[1394:6887009:0910/140830.915852:ERROR:chrome/browser/web_applications/externally_managed_app_manager.cc:680] https://drive.google.com/drive/installwebapp?usp=chrome_default from install source 1 failed to install with reason 21
